STAGE launch-ok at 0ms
STAGE portal-loaded at 1019ms
STAGE auth-done at 1065ms
STAGE world-page-loaded at 2690ms
STAGE tn-ready at 2697ms
STAGE ecctrl-ready at 2983ms
STAGE trams-object: ["T1","T2"] at 2984ms
STAGE entering-150-loop at 2984ms
STAGE loop iter 0 at 2984ms
STAGE loop iter 25 at 59771ms
STAGE loop iter 50 at 114469ms
STAGE loop iter 75 at 170475ms
STAGE loop iter 100 at 226247ms
STAGE loop iter 125 at 282515ms
STAGE loop-done, checking at 341496ms
PASS T1 covers its whole rail {"min":"5.3","max":"98.9","span":"93.6"}
PASS T1 dwells at all 3 stops {"stopped":[0,1,2]}
PASS T1 reverses at both ends {}
PASS T1 cars stay on the rail polyline (<= 0.05 m) {"max":"0.000"}
PASS T1 car underside rests on the rail top (<= 0.03 m) {"max":"0.000"}
PASS T1 cars never stack (min chord spacing >= 2.9 m) {"min":"3.32"}
PASS T1 mesh bounds centred on the car position (<= 0.1 m) {"max":"0.083"}
PASS T2 covers its whole rail {"min":"5.3","max":"81.9","span":"76.6"}
PASS T2 dwells at all 3 stops {"stopped":[0,1,2]}
PASS T2 reverses at both ends {}
PASS T2 cars stay on the rail polyline (<= 0.05 m) {"max":"0.000"}
PASS T2 car underside rests on the rail top (<= 0.03 m) {"max":"0.000"}
PASS T2 cars never stack (min chord spacing >= 2.9 m) {"min":"3.32"}
PASS T2 mesh bounds centred on the car position (<= 0.1 m) {"max":"0.083"}
PASS T1 start: no body or nose beyond the rail end (<= 0.05 m) {"overhang":"-0.035"}
PASS T1 start: outer cab nose points outward, inner cab inward {"outer":"0.083","inner":"-0.083"}
PASS T1 end: no body or nose beyond the rail end (<= 0.05 m) {"overhang":"-0.035"}
PASS T1 end: outer cab nose points outward, inner cab inward {"outer":"0.083","inner":"-0.083"}
PASS T2 start: no body or nose beyond the rail end (<= 0.05 m) {"overhang":"-0.035"}
PASS T2 start: outer cab nose points outward, inner cab inward {"outer":"0.082","inner":"-0.082"}
PASS T2 end: no body or nose beyond the rail end (<= 0.05 m) {"overhang":"-0.035"}
PASS T2 end: outer cab nose points outward, inner cab inward {"outer":"0.083","inner":"-0.082"}
PASS no 4xx/5xx for models/textures during the run {"missing":[]}
ALL PASS
