mode: flat
PASS  npm run build succeeds
PASS  production /monde/ renders the A HUD (WorldHud)
PASS  urgent alert raises the phone (role=alert takeover with full text)
PASS  focus is inside the dialog when it is raised
PASS  acknowledging an alert-raised phone puts it away
PASS  acknowledged IDs stored per user (not the shared legacy key)
PASS  F38 in production: the outage reaches the phone (reason, return time, alternative)
PASS  F36 in production: lines, departures, nearest stop from the player position, disruption
PASS  F46 in production: the phone home answers an emergency first (call 112 and the closest care, by the player position)
PASS  F45 in production: the Places page lists the seeded places, emergency and hospital first, with a 112 call link and a nearest tag
PASS  HUD shows the district of the nearest stop
PASS  Escape closes the manual phone
PASS  axe on the HUD in production: no violations
PASS  app and physics chunks are served gzip with immutable caching
PASS  no 4xx/5xx for world assets
PASS  /monde/ CSP is the contract one and the page ran under it with no violations
NOTE  5 presence POST(s) aborted client-side under software rendering (not a server error)
PASS  no page errors / failed requests / console errors in production

all production world checks passed
screenshots: C:/Users/shookapic/Documents/webcup/coordination/reports/correction-b365f28/shots
